\BOOKMARK [1][-]{Doc-Start}{\376\377\000T\000\363\000m\000\040\000t\036\257\000t}{}% 1
\BOOKMARK [1][-]{section.1}{\376\377\000G\000i\036\333\000i\000\040\000t\000h\000i\036\307\000u}{}% 2
\BOOKMARK [2][-]{subsection.1.1}{\376\377\000B\036\321\000i\000\040\000c\036\243\000n\000h\000\040\000b\000\340\000i\000\040\000t\000o\000\341\000n}{section.1}% 3
\BOOKMARK [2][-]{subsection.1.2}{\376\377\000M\036\345\000c\000\040\000t\000i\000\352\000u\000\040\001\021\036\301\000\040\000t\000\340\000i}{section.1}% 4
\BOOKMARK [2][-]{subsection.1.3}{\376\377\000C\000\342\000u\000\040\000h\036\317\000i\000\040\000n\000g\000h\000i\000\352\000n\000\040\000c\036\351\000u\000\040\000v\000\340\000\040\001\021\000\363\000n\000g\000\040\000g\000\363\000p}{section.1}% 5
\BOOKMARK [2][-]{subsection.1.4}{\376\377\000P\000h\036\241\000m\000\040\000v\000i\000\040\000t\000h\036\361\000c\000\040\000h\000i\036\307\000n}{section.1}% 6
\BOOKMARK [1][-]{section.2}{\376\377\000C\001\241\000\040\000s\036\337\000\040\000l\000\375\000\040\000t\000h\000u\000y\036\277\000t}{}% 7
\BOOKMARK [2][-]{subsection.2.1}{\376\377\000M\036\241\000n\000g\000\040\000n\001\241\000-\000r\000o\000n\000\040\000n\000h\000\342\000n\000\040\000t\036\241\000o}{section.2}% 8
\BOOKMARK [2][-]{subsection.2.2}{\376\377\000F\000o\000r\000w\000a\000r\000d\000\040\000p\000r\000o\000p\000a\000g\000a\000t\000i\000o\000n\000\040\000v\000\340\000\040\000b\000a\000c\000k\000p\000r\000o\000p\000a\000g\000a\000t\000i\000o\000n}{section.2}% 9
\BOOKMARK [2][-]{subsection.2.3}{\376\377\000E\000p\000o\000c\000h\000,\000\040\000l\000o\000s\000s\000\040\000v\000\340\000\040\000q\000u\000\341\000\040\000t\000r\000\354\000n\000h\000\040\000h\036\315\000c}{section.2}% 10
\BOOKMARK [2][-]{subsection.2.4}{\376\377\000T\000r\000a\000i\000n\000i\000n\000g\000\040\000s\000e\000t\000,\000\040\000v\000a\000l\000i\000d\000a\000t\000i\000o\000n\000\040\000s\000e\000t\000\040\000v\000\340\000\040\000t\000e\000s\000t\000i\000n\000g\000\040\000s\000e\000t}{section.2}% 11
\BOOKMARK [2][-]{subsection.2.5}{\376\377\000C\000\341\000c\000\040\000c\000h\036\311\000\040\000s\036\321\000\040\001\021\000\341\000n\000h\000\040\000g\000i\000\341}{section.2}% 12
\BOOKMARK [2][-]{subsection.2.6}{\376\377\000B\000F\000S}{section.2}% 13
\BOOKMARK [2][-]{subsection.2.7}{\376\377\000T\000h\000u\036\255\000t\000\040\000t\000o\000\341\000n\000\040\000A\000*\000\040\000v\000\340\000\040\000h\000e\000u\000r\000i\000s\000t\000i\000c}{section.2}% 14
\BOOKMARK [1][-]{section.3}{\376\377\000T\000h\000i\036\277\000t\000\040\000k\036\277\000\040\000h\036\307\000\040\000t\000h\036\321\000n\000g\000\040\000v\000\340\000\040\000t\000h\000i\036\277\000t\000\040\000k\036\277\000\040\000A\000N\000N}{}% 15
\BOOKMARK [2][-]{subsection.3.1}{\376\377\000T\036\325\000n\000g\000\040\000q\000u\000a\000n\000\040\000k\000i\036\277\000n\000\040\000t\000r\000\372\000c}{section.3}% 16
\BOOKMARK [2][-]{subsection.3.2}{\376\377\000B\000i\036\303\000u\000\040\000d\000i\036\305\000n\000\040\000m\000\352\000\040\000c\000u\000n\000g}{section.3}% 17
\BOOKMARK [2][-]{subsection.3.3}{\376\377\000T\036\241\000o\000\040\000d\000a\000t\000a\000s\000e\000t\000\040\000b\036\261\000n\000g\000\040\000B\000F\000S}{section.3}% 18
\BOOKMARK [2][-]{subsection.3.4}{\376\377\000T\000h\000i\036\277\000t\000\040\000k\036\277\000\040\000i\000n\000p\000u\000t\000\040\000v\000\340\000\040\000o\000u\000t\000p\000u\000t\000\040\000c\036\347\000a\000\040\000A\000N\000N}{section.3}% 19
\BOOKMARK [2][-]{subsection.3.5}{\376\377\000B\000a\000\040\000c\036\245\000u\000\040\000h\000\354\000n\000h\000\040\000A\000N\000N}{section.3}% 20
\BOOKMARK [1][-]{section.4}{\376\377\000T\000h\000\355\000\040\000n\000g\000h\000i\036\307\000m}{}% 21
\BOOKMARK [2][-]{subsection.4.1}{\376\377\000M\000\364\000i\000\040\000t\000r\001\260\036\335\000n\000g\000\040\000v\000\340\000\040\000d\036\357\000\040\000l\000i\036\307\000u}{section.4}% 22
\BOOKMARK [2][-]{subsection.4.2}{\376\377\000T\000h\000\355\000\040\000n\000g\000h\000i\036\307\000m\000\040\0001\000:\000\040\000U\000n\000d\000e\000r\000f\000i\000t\000t\000i\000n\000g}{section.4}% 23
\BOOKMARK [2][-]{subsection.4.3}{\376\377\000T\000h\000\355\000\040\000n\000g\000h\000i\036\307\000m\000\040\0002\000:\000\040\000O\000v\000e\000r\000f\000i\000t\000t\000i\000n\000g}{section.4}% 24
\BOOKMARK [2][-]{subsection.4.4}{\376\377\000T\000h\000\355\000\040\000n\000g\000h\000i\036\307\000m\000\040\0003\000:\000\040\000G\000o\000o\000d\000\040\000f\000i\000t}{section.4}% 25
\BOOKMARK [2][-]{subsection.4.5}{\376\377\000T\000h\000\355\000\040\000n\000g\000h\000i\036\307\000m\000\040\0004\000:\000\040\000C\000r\000o\000s\000s\000-\000v\000a\000l\000i\000d\000a\000t\000i\000o\000n}{section.4}% 26
\BOOKMARK [2][-]{subsection.4.6}{\376\377\000T\000h\000\355\000\040\000n\000g\000h\000i\036\307\000m\000\040\0005\000:\000\040\000T\000\355\000c\000h\000\040\000h\036\343\000p\000\040\000A\000N\000N\000\040\000v\000\340\000o\000\040\000A\000*}{section.4}% 27
\BOOKMARK [1][-]{section.5}{\376\377\000K\036\277\000t\000\040\000q\000u\036\243}{}% 28
\BOOKMARK [2][-]{subsection.5.1}{\376\377\000K\036\277\000t\000\040\000q\000u\036\243\000\040\000h\000u\036\245\000n\000\040\000l\000u\000y\036\307\000n\000\040\000A\000N\000N}{section.5}% 29
\BOOKMARK [2][-]{subsection.5.2}{\376\377\000K\036\277\000t\000\040\000q\000u\036\243\000\040\000c\000r\000o\000s\000s\000-\000v\000a\000l\000i\000d\000a\000t\000i\000o\000n}{section.5}% 30
\BOOKMARK [2][-]{subsection.5.3}{\376\377\000K\036\277\000t\000\040\000q\000u\036\243\000\040\000d\000e\000m\000o\000\040\000t\000\354\000m\000\040\001\021\001\260\036\335\000n\000g}{section.5}% 31
\BOOKMARK [1][-]{section.6}{\376\377\000N\000h\036\255\000n\000\040\000x\000\351\000t}{}% 32
\BOOKMARK [2][-]{subsection.6.1}{\376\377\000P\000h\000\342\000n\000\040\000t\000\355\000c\000h\000\040\000u\000n\000d\000e\000r\000f\000i\000t\000t\000i\000n\000g}{section.6}% 33
\BOOKMARK [2][-]{subsection.6.2}{\376\377\000P\000h\000\342\000n\000\040\000t\000\355\000c\000h\000\040\000o\000v\000e\000r\000f\000i\000t\000t\000i\000n\000g}{section.6}% 34
\BOOKMARK [2][-]{subsection.6.3}{\376\377\000P\000h\000\342\000n\000\040\000t\000\355\000c\000h\000\040\000g\000o\000o\000d\000\040\000f\000i\000t}{section.6}% 35
\BOOKMARK [2][-]{subsection.6.4}{\376\377\000N\000h\036\255\000n\000\040\000x\000\351\000t\000\040\000v\036\301\000\040\000A\000N\000N\000\040\000h\000e\000u\000r\000i\000s\000t\000i\000c}{section.6}% 36
\BOOKMARK [2][-]{subsection.6.5}{\376\377\000H\036\241\000n\000\040\000c\000h\036\277}{section.6}% 37
\BOOKMARK [2][-]{subsection.6.6}{\376\377\000H\001\260\036\333\000n\000g\000\040\000p\000h\000\341\000t\000\040\000t\000r\000i\036\303\000n}{section.6}% 38
\BOOKMARK [1][-]{section.7}{\376\377\000M\036\351\000c\000\040\001\021\036\331\000\040\000s\036\355\000\040\000d\036\345\000n\000g\000\040\000A\000I\000\040\000h\036\327\000\040\000t\000r\036\343\000\040\000v\000\340\000\040\000s\036\243\000n\000\040\000p\000h\036\251\000m\000\040\000n\036\331\000p}{}% 39
\BOOKMARK [2][-]{subsection.7.1}{\376\377\000M\036\351\000c\000\040\001\021\036\331\000\040\000s\036\355\000\040\000d\036\345\000n\000g\000\040\000A\000I\000\040\000h\036\327\000\040\000t\000r\036\343}{section.7}% 40
\BOOKMARK [2][-]{subsection.7.2}{\376\377\000S\036\243\000n\000\040\000p\000h\036\251\000m\000\040\000n\036\331\000p}{section.7}% 41
\BOOKMARK [1][-]{section.8}{\376\377\000K\036\277\000t\000\040\000l\000u\036\255\000n}{}% 42
